[2026-04-24T15:50:11Z] bootstrap-live-governed-path: start
Starting staging-style governed dependency services...
 Container trust0007_live-langfuse-1  Running
 Container trust0007_live-superset-1  Starting
 Container trust0007_live-qdrant-1  Starting
 Container trust0007_live-vault-1  Starting
 Container trust0007_live-opa-1  Starting
 Container trust0007_live-keycloak_db-1  Starting
 Container trust0007_live-grafana-1  Starting
 Container trust0007_live-db-1  Starting
 Container trust0007_live-opa-1  Started
 Container trust0007_live-envoy-1  Starting
 Container trust0007_live-vault-1  Started
 Container trust0007_live-qdrant-1  Started
 Container trust0007_live-superset-1  Started
 Container trust0007_live-grafana-1  Started
 Container trust0007_live-envoy-1  Started
 Container trust0007_live-db-1  Started
 Container trust0007_live-db-1  Waiting
 Container trust0007_live-keycloak_db-1  Started
 Container trust0007_live-keycloak_db-1  Waiting
 Container trust0007_live-keycloak_db-1  Healthy
 Container trust0007_live-keycloak-1  Starting
 Container trust0007_live-keycloak-1  Started
 Container trust0007_live-db-1  Healthy
Initializing or unsealing Vault...
Copying Keycloak bootstrap assets into the container...
 trust0007_live-keycloak-1 copy /workspaces/trust0007/.runtime/live-governed/realm-governed.rendered.json to trust0007_live-keycloak-1:/opt/keycloak/data/bootstrap/realm-governed-template.json Copying
 trust0007_live-keycloak-1 copy /workspaces/trust0007/.runtime/live-governed/realm-governed.rendered.json to trust0007_live-keycloak-1:/opt/keycloak/data/bootstrap/realm-governed-template.json Copied
 trust0007_live-keycloak-1 copy /workspaces/trust0007/.runtime/live-governed/keycloak-tenant-id-mapper.rendered.json to trust0007_live-keycloak-1:/opt/keycloak/data/bootstrap/keycloak-tenant-id-mapper.json Copying
 trust0007_live-keycloak-1 copy /workspaces/trust0007/.runtime/live-governed/keycloak-tenant-id-mapper.rendered.json to trust0007_live-keycloak-1:/opt/keycloak/data/bootstrap/keycloak-tenant-id-mapper.json Copied
 trust0007_live-keycloak-1 copy /workspaces/trust0007/.runtime/live-governed/keycloak-live-user.rendered.json to trust0007_live-keycloak-1:/opt/keycloak/data/bootstrap/keycloak-live-user.json Copying
 trust0007_live-keycloak-1 copy /workspaces/trust0007/.runtime/live-governed/keycloak-live-user.rendered.json to trust0007_live-keycloak-1:/opt/keycloak/data/bootstrap/keycloak-live-user.json Copied
Ensuring realm umbrella exists...
Logging into http://127.0.0.1:8080 as user admin of realm master

Applying tenant claim mappers to the live clients...
Logging into http://127.0.0.1:8080 as user admin of realm master

Logging into http://127.0.0.1:8080 as user admin of realm master

Logging into http://127.0.0.1:8080 as user admin of realm master
Logging into http://127.0.0.1:8080 as user admin of realm master
Created new model with id '4218a7cc-4faf-441a-985e-6989704d5638'
Logging into http://127.0.0.1:8080 as user admin of realm master

Logging into http://127.0.0.1:8080 as user admin of realm master

Logging into http://127.0.0.1:8080 as user admin of realm master
Logging into http://127.0.0.1:8080 as user admin of realm master
Created new model with id 'a13be786-f406-4333-b0e2-98fcd01bd0c3'
Ensuring governed live user governed-live-admin exists...
Logging into http://127.0.0.1:8080 as user admin of realm master

Logging into http://127.0.0.1:8080 as user admin of realm master
Logging into http://127.0.0.1:8080 as user admin of realm master
Logging into http://127.0.0.1:8080 as user admin of realm master
Seeding tenant-scoped Qdrant content...
curl: (7) Failed to connect to 127.0.0.1 port 3010 after 0 ms: Couldn't connect to server
Starting Onyx runtime placeholder...
 Container trust0007_live-onyx_runtime-1  Recreate
 Container trust0007_live-onyx_runtime-1  Recreated
 Container trust0007_live-onyx_runtime-1  Starting
 Container trust0007_live-onyx_runtime-1  Started
curl: (56) Recv failure: Connection reset by peer
curl: (7) Failed to connect to 127.0.0.1 port 80 after 0 ms: Couldn't connect to server
Using existing Onyx Agent runtime target on host port 3010.
Starting live control-plane container...
#1 [internal] load local bake definitions
#1 reading from stdin 550B done
#1 DONE 0.0s

#2 [internal] load build definition from Dockerfile.control-plane
#2 transferring dockerfile: 635B done
#2 DONE 0.0s

#3 [internal] load metadata for docker.io/library/python:3.12-slim
#3 ...

#4 [auth] library/python:pull token for registry-1.docker.io
#4 DONE 0.0s

#3 [internal] load metadata for docker.io/library/python:3.12-slim
#3 DONE 0.7s

#5 [internal] load .dockerignore
#5 transferring context: 2B done
#5 DONE 0.0s

#6 [internal] load build context
#6 transferring context: 22.05kB 0.0s done
#6 DONE 0.2s

#7 [ 1/17] FROM docker.io/library/python:3.12-slim@sha256:46cb7cc2877e60fbd5e21a9ae6115c30ace7a077b9f8772da879e4590c18c2e3
#7 resolve docker.io/library/python:3.12-slim@sha256:46cb7cc2877e60fbd5e21a9ae6115c30ace7a077b9f8772da879e4590c18c2e3 0.1s done
#7 DONE 0.2s

#8 [ 7/17] COPY docs /app/docs
#8 CACHED

#9 [ 5/17] COPY backend /app/backend
#9 CACHED

#10 [10/17] COPY infra /app/infra
#10 CACHED

#11 [ 9/17] COPY frontend /app/frontend
#11 CACHED

#12 [13/17] COPY policies /app/policies
#12 CACHED

#13 [ 6/17] COPY contracts /app/contracts
#13 CACHED

#14 [15/17] COPY telemetry /app/telemetry
#14 CACHED

#15 [11/17] COPY launch-gate /app/launch-gate
#15 CACHED

#16 [16/17] COPY README.md /app/README.md
#16 CACHED

#17 [ 4/17] COPY apps /app/apps
#17 CACHED

#18 [12/17] COPY overlays /app/overlays
#18 CACHED

#19 [ 8/17] COPY evidence /app/evidence
#19 CACHED

#20 [ 3/17] COPY adapters /app/adapters
#20 CACHED

#21 [14/17] COPY scripts /app/scripts
#21 CACHED

#22 [ 2/17] WORKDIR /app
#22 CACHED

#23 [17/17] COPY README.template.md /app/README.template.md
#23 CACHED

#24 exporting to image
#24 exporting layers done
#24 exporting manifest sha256:df4b12519cc907a25ad2adc00e05c4452b3b690c57e3c729e3e248fd583605e0 done
#24 exporting config sha256:c4977cfff43f564e07e7d56b6c0608a9b1ffc38d9a98f970e1ff1ae4e2737724 done
#24 exporting attestation manifest sha256:fd512fcdc5fe018309c27ca633cdec6235d258c16bde182475fd62450a0c75c6
#24 exporting attestation manifest sha256:fd512fcdc5fe018309c27ca633cdec6235d258c16bde182475fd62450a0c75c6 0.0s done
#24 exporting manifest list sha256:06d7fc634765d6536507d72decd79b7e9e9060d9ae349155f004213096dc29cf 0.0s done
#24 naming to docker.io/library/beta011-control-plane:local done
#24 unpacking to docker.io/library/beta011-control-plane:local 0.0s done
#24 DONE 0.1s

#25 resolving provenance for metadata file
#25 DONE 0.0s
 beta011-control-plane:local  Built
network onyx_default declared as external, but could not be found
